# serializer version: 1
# name: test_compile_aligner
  '''
  ---
  description: Precision Aligner. Makes targeted code changes.
  model: sonnet
  allowed_tools:
    - Edit
    - Glob
    - Grep
    - Read
    - Write
  ---
  
  # Aligner
  '''
# ---
# name: test_compile_explorer_with_bash
  '''
  ---
  description: Code Explorer. Reads and analyzes source code.
  model: opus
  allowed_tools:
    - Bash(bunx repomix@latest*)
    - Bash(npx repomix@latest*)
    - Glob
    - Grep
    - Read
    - WebFetch
    - Write
  ---
  
  # Explorer
  
  Read-only code exploration agent.
  '''
# ---
# name: test_compile_orchestrator_with_delegates
  '''
  ---
  description: Orchestrator. Coordinates sub-agents.
  model: opus
  allowed_tools:
    - Bash(cat*)
    - Bash(git status*)
    - Bash(ls*)
    - Glob
    - Grep
    - Read
    - Task(aligner)
    - Task(explorer)
    - Write
  ---
  
  # Orchestrator
  '''
# ---
